[    0.000000] Linux version 4.15.0-213-generic (buildd@lcy02-amd64-079) (gcc version 7.5.0 (Ubuntu 7.5.0-3ubuntu1~18.04)) #224-Ubuntu SMP Mon Jun 19 13:30:12 UTC 2023 (Ubuntu 4.15.0-213.224-generic 4.15.18)
[    0.000000] Command line: BOOT_IMAGE=/boot/vmlinuz-4.15.0-213-generic root=UUID=f685bb41-0e3b-40c4-89c1-eea0f0583525 ro console=tty1 console=ttyS0
[    0.000000] KERNEL supported cpus:
[    0.000000]   Intel GenuineIntel
[    0.000000]   AMD AuthenticAMD
[    0.000000]   Centaur CentaurHauls
[    0.000000] x86/fpu: Supporting XSAVE feature 0x001: 'x87 floating point registers'
[    0.000000] x86/fpu: Supporting XSAVE feature 0x002: 'SSE registers'
[    0.000000] x86/fpu: Supporting XSAVE feature 0x004: 'AVX registers'
[    0.000000] x86/fpu: xstate_offset[2]:  576, xstate_sizes[2]:  256
[    0.000000] x86/fpu: Enabled xstate features 0x7, context size is 832 bytes, using 'standard' format.
[    0.000000] e820: BIOS-provided physical RAM map:
[    0.000000] BIOS-e820: [mem 0x0000000000000000-0x000000000009fbff] usable
[    0.000000] BIOS-e820: [mem 0x000000000009fc00-0x000000000009ffff] reserved
[    0.000000] BIOS-e820: [mem 0x00000000000f0000-0x00000000000fffff] reserved
[    0.000000] BIOS-e820: [mem 0x0000000000100000-0x000000003ffeffff] usable
[    0.000000] BIOS-e820: [mem 0x000000003fff0000-0x000000003fffffff] ACPI data
[    0.000000] BIOS-e820: [mem 0x00000000fec00000-0x00000000fec00fff] reserved
[    0.000000] BIOS-e820: [mem 0x00000000fee00000-0x00000000fee00fff] reserved
[    0.000000] BIOS-e820: [mem 0x00000000fffc0000-0x00000000ffffffff] reserved
[    0.000000] NX (Execute Disable) protection: active
[    0.000000] SMBIOS 2.5 present.
[    0.000000] DMI: innotek GmbH VirtualBox/VirtualBox, BIOS VirtualBox 12/01/2006
[    0.000000] Hypervisor detected: KVM
[    0.000000] e820: last_pfn = 0x3fff0 max_arch_pfn = 0x400000000
[    0.000000] MTRR: Disabled
[    0.000000] x86/PAT: MTRRs disabled, skipping PAT initialization too.
[    0.000000] CPU MTRRs all blank - virtualized system.
[    0.000000] x86/PAT: Configuration [0-7]: WB  WT  UC- UC  WB  WT  UC- UC  
[    0.000000] found SMP MP-table at [mem 0x0009fff0-0x0009ffff]
[    0.000000] Scanning 1 areas for low memory corruption
[    0.000000] RAMDISK: [mem 0x35819000-0x36c03fff]
[    0.000000] ACPI: Early table checksum verification disabled
[    0.000000] ACPI: RSDP 0x00000000000E0000 000024 (v02 VBOX  )
[    0.000000] ACPI: XSDT 0x000000003FFF0030 00003C (v01 VBOX   VBOXXSDT 00000001 ASL  00000061)
[    0.000000] ACPI: FACP 0x000000003FFF00F0 0000F4 (v04 VBOX   VBOXFACP 00000001 ASL  00000061)
[    0.000000] ACPI: DSDT 0x000000003FFF0470 0022EA (v02 VBOX   VBOXBIOS 00000002 INTL 20100528)
[    0.000000] ACPI: FACS 0x000000003FFF0200 000040
[    0.000000] ACPI: FACS 0x000000003FFF0200 000040
[    0.000000] ACPI: APIC 0x000000003FFF0240 000054 (v02 VBOX   VBOXAPIC 00000001 ASL  00000061)
[    0.000000] ACPI: SSDT 0x000000003FFF02A0 0001CC (v01 VBOX   VBOXCPUT 00000002 INTL 20100528)
[    0.000000] ACPI: Reserving FACP table memory at [mem 0x3fff00f0-0x3fff01e3]
[    0.000000] ACPI: Reserving DSDT table memory at [mem 0x3fff0470-0x3fff2759]
[    0.000000] ACPI: Reserving FACS table memory at [mem 0x3fff0200-0x3fff023f]
[    0.000000] ACPI: Reserving FACS table memory at [mem 0x3fff0200-0x3fff023f]
[    0.000000] ACPI: Reserving APIC table memory at [mem 0x3fff0240-0x3fff0293]
[    0.000000] ACPI: Reserving SSDT table memory at [mem 0x3fff02a0-0x3fff046b]
[    0.000000] No NUMA configuration found
[    0.000000] Faking a node at [mem 0x0000000000000000-0x000000003ffeffff]
[    0.000000] NODE_DATA(0) allocated [mem 0x3ffc5000-0x3ffeffff]
[    0.000000] kvm-clock: cpu 0, msr 0:3ff44001, primary cpu clock
[    0.000000] kvm-clock: Using msrs 4b564d01 and 4b564d00
[    0.000000] kvm-clock: using sched offset of 3984249931 cycles
[    0.000000] clocksource: kvm-clock: mask: 0xffffffffffffffff max_cycles: 0x1cd42e4dffb, max_idle_ns: 881590591483 ns
[    0.000000] Zone ranges:
[    0.000000]   DMA      [mem 0x0000000000001000-0x0000000000ffffff]
[    0.000000]   DMA32    [mem 0x0000000001000000-0x000000003ffeffff]
[    0.000000]   Normal   empty
[    0.000000]   Device   empty
[    0.000000] Movable zone start for each node
[    0.000000] Early memory node ranges
[    0.000000]   node   0: [mem 0x0000000000001000-0x000000000009efff]
[    0.000000]   node   0: [mem 0x0000000000100000-0x000000003ffeffff]
[    0.000000] Reserved but unavailable: 104 pages
[    0.000000] Initmem setup node 0 [mem 0x0000000000001000-0x000000003ffeffff]
[    0.000000] ACPI: PM-Timer IO Port: 0x4008
[    0.000000] IOAPIC[0]: apic_id 1, version 32, address 0xfec00000, GSI 0-23
[    0.000000] ACPI: INT_SRC_OVR (bus 0 bus_irq 0 global_irq 2 dfl dfl)
[    0.000000] ACPI: INT_SRC_OVR (bus 0 bus_irq 9 global_irq 9 low level)
[    0.000000] Using ACPI (MADT) for SMP configuration information
[    0.000000] smpboot: Allowing 1 CPUs, 0 hotplug CPUs
[    0.000000] PM: Registered nosave memory: [mem 0x00000000-0x00000fff]
[    0.000000] PM: Registered nosave memory: [mem 0x0009f000-0x0009ffff]
[    0.000000] PM: Registered nosave memory: [mem 0x000a0000-0x000effff]
[    0.000000] PM: Registered nosave memory: [mem 0x000f0000-0x000fffff]
[    0.000000] e820: [mem 0x40000000-0xfebfffff] available for PCI devices
[    0.000000] Booting paravirtualized kernel on KVM
[    0.000000] clocksource: refined-jiffies: mask: 0xffffffff max_cycles: 0xffffffff, max_idle_ns: 7645519600211568 ns
[    0.000000] setup_percpu: NR_CPUS:8192 nr_cpumask_bits:1 nr_cpu_ids:1 nr_node_ids:1
[    0.000000] percpu: Embedded 50 pages/cpu s167936 r8192 d28672 u2097152
[    0.000000] PV qspinlock hash table entries: 256 (order: 0, 4096 bytes)
[    0.000000] Built 1 zonelists, mobility grouping on.  Total pages: 257913
[    0.000000] Policy zone: DMA32
[    0.000000] Kernel command line: BOOT_IMAGE=/boot/vmlinuz-4.15.0-213-generic root=UUID=f685bb41-0e3b-40c4-89c1-eea0f0583525 ro console=tty1 console=ttyS0
[    0.000000] Memory: 981976K/1048120K available (12300K kernel code, 2477K rwdata, 4324K rodata, 2480K init, 2720K bss, 66144K reserved, 0K cma-reserved)
[    0.000000] SLUB: HWalign=64, Order=0-3, MinObjects=0, CPUs=1, Nodes=1
[    0.000000] Kernel/User page tables isolation: enabled
[    0.000000] ftrace: allocating 39508 entries in 155 pages
[    0.004000] Hierarchical RCU implementation.
[    0.004000] 	RCU restricting CPUs from NR_CPUS=8192 to nr_cpu_ids=1.
[    0.004000] 	Tasks RCU enabled.
[    0.004000] RCU: Adjusting geometry for rcu_fanout_leaf=16, nr_cpu_ids=1
[    0.004000] NR_IRQS: 524544, nr_irqs: 256, preallocated irqs: 16
[    0.004000] random: crng init done
[    0.004000] Console: colour VGA+ 80x25
[    0.004000] console [tty1] enabled
[    0.004000] console [ttyS0] enabled
[    0.004000] ACPI: Core revision 20170831
[    0.004000] ACPI: 2 ACPI AML tables successfully acquired and loaded
[    0.004000] APIC: Switch to symmetric I/O mode setup
[    0.004000] x2apic enabled
[    0.004000] Switched APIC routing to physical x2apic.
[    0.004000] ..TIMER: vector=0x30 apic1=0 pin1=2 apic2=-1 pin2=-1
[    0.004003] tsc: Detected 3599.994 MHz processor
[    0.004799] Calibrating delay loop (skipped) preset value.. 7199.98 BogoMIPS (lpj=14399976)
[    0.005477] pid_max: default: 32768 minimum: 301
[    0.006291] Security Framework initialized
[    0.008003] Yama: becoming mindful.
[    0.008683] AppArmor: AppArmor initialized
[    0.009537] Dentry cache hash table entries: 131072 (order: 8, 1048576 bytes)
[    0.010765] Inode-cache hash table entries: 65536 (order: 7, 524288 bytes)
[    0.012014] Mount-cache hash table entries: 2048 (order: 2, 16384 bytes)
[    0.013099] Mountpoint-cache hash table entries: 2048 (order: 2, 16384 bytes)
[    0.014504] process: using mwait in idle threads
[    0.015259] Last level iTLB entries: 4KB 128, 2MB 8, 4MB 8
[    0.016003] Last level dTLB entries: 4KB 64, 2MB 0, 4MB 0, 1GB 4
[    0.016997] Spectre V1 : Mitigation: usercopy/swapgs barriers and __user pointer sanitization
[    0.018442] Spectre V2 : Mitigation: Retpolines
[    0.019251] Spectre V2 : Spectre v2 / SpectreRSB mitigation: Filling RSB on context switch
[    0.020002] Spectre V2 : Spectre v2 / SpectreRSB : Filling RSB on VMEXIT
[    0.021070] RETBleed: WARNING: Spectre v2 mitigation leaves CPU vulnerable to RETBleed attacks, data leaks possible!
[    0.024001] RETBleed: Vulnerable
[    0.024550] Speculative Store Bypass: Vulnerable
[    0.025356] MDS: Mitigation: Clear CPU buffers
[    0.026074] MMIO Stale Data: Mitigation: Clear CPU buffers
[    0.026944] SRBDS: Unknown: Dependent on hypervisor status
[    0.036286] Freeing SMP alternatives memory: 36K
[    0.147550] smpboot: CPU0: Intel(R) Core(TM) i3-8100 CPU @ 3.60GHz (family: 0x6, model: 0x9e, stepping: 0xb)
[    0.148000] Performance Events: unsupported p6 CPU model 158 no PMU driver, software events only.
[    0.148000] Hierarchical SRCU implementation.
[    0.148104] NMI watchdog: Perf event create on CPU 0 failed with -2
[    0.149094] NMI watchdog: Perf NMI watchdog permanently disabled
[    0.150089] smp: Bringing up secondary CPUs ...
[    0.150873] smp: Brought up 1 node, 1 CPU
[    0.151575] smpboot: Max logical packages: 1
[    0.152004] smpboot: Total of 1 processors activated (7199.98 BogoMIPS)
[    0.153293] devtmpfs: initialized
[    0.153998] x86/mm: Memory block size: 128MB
[    0.154834] evm: security.selinux
[    0.155397] evm: security.SMACK64
[    0.156007] evm: security.SMACK64EXEC
[    0.156761] evm: security.SMACK64TRANSMUTE
[    0.157431] evm: security.SMACK64MMAP
[    0.158155] evm: security.apparmor
[    0.158800] evm: security.ima
[    0.160004] evm: security.capability
[    0.160828] clocksource: jiffies: mask: 0xffffffff max_cycles: 0xffffffff, max_idle_ns: 7645041785100000 ns
[    0.162515] futex hash table entries: 256 (order: 2, 16384 bytes)
[    0.163532] pinctrl core: initialized pinctrl subsystem
[    0.164107] RTC time: 10:05:21, date: 10/31/24
[    0.165068] NET: Registered protocol family 16
[    0.166006] audit: initializing netlink subsys (disabled)
[    0.168139] cpuidle: using governor ladder
[    0.168817] cpuidle: using governor menu
[    0.169499] ACPI: bus type PCI registered
[    0.170159] acpiphp: ACPI Hot Plug PCI Controller Driver version: 0.5
[    0.172009] audit: type=2000 audit(1730369126.865:1): state=initialized audit_enabled=0 res=1
[    0.173444] PCI: Using configuration type 1 for base access
[    0.175423] HugeTLB registered 2.00 MiB page size, pre-allocated 0 pages
[    0.180156] ACPI: Added _OSI(Module Device)
[    0.184006] ACPI: Added _OSI(Processor Device)
[    0.184727] ACPI: Added _OSI(3.0 _SCP Extensions)
[    0.185613] ACPI: Added _OSI(Processor Aggregator Device)
[    0.186533] ACPI: Added _OSI(Linux-Dell-Video)
[    0.187337] ACPI: Added _OSI(Linux-Lenovo-NV-HDMI-Audio)
[    0.188004] ACPI: Added _OSI(Linux-HPI-Hybrid-Graphics)
[    0.189125] ACPI: Executed 1 blocks of module-level executable AML code
[    0.194598] ACPI: Interpreter enabled
[    0.195385] ACPI: (supports S0 S5)
[    0.196005] ACPI: Using IOAPIC for interrupt routing
[    0.197353] PCI: Using host bridge windows from ACPI; if necessary, use "pci=nocrs" and report a bug
[    0.199130] ACPI: Enabled 2 GPEs in block 00 to 07
[    0.205975] ACPI: PCI Root Bridge [PCI0] (domain 0000 [bus 00-ff])
[    0.206957] acpi PNP0A03:00: _OSC: OS supports [ASPM ClockPM Segments MSI]
[    0.208312] acpi PNP0A03:00: _OSC: not requesting OS control; OS requires [ExtendedConfig ASPM ClockPM MSI]
[    0.209848] acpi PNP0A03:00: fail to add MMCONFIG information, can't access extended PCI configuration space under this bridge.
[    0.212330] PCI host bridge to bus 0000:00
[    0.213533] pci_bus 0000:00: root bus resource [io  0x0000-0x0cf7 window]
[    0.214578] pci_bus 0000:00: root bus resource [io  0x0d00-0xffff window]
[    0.215617] pci_bus 0000:00: root bus resource [mem 0x000a0000-0x000bffff window]
[    0.216002] pci_bus 0000:00: root bus resource [mem 0x40000000-0xfdffffff window]
[    0.217206] pci_bus 0000:00: root bus resource [bus 00-ff]
[    0.221238] pci 0000:00:01.1: legacy IDE quirk: reg 0x10: [io  0x01f0-0x01f7]
[    0.222331] pci 0000:00:01.1: legacy IDE quirk: reg 0x14: [io  0x03f6]
[    0.223342] pci 0000:00:01.1: legacy IDE quirk: reg 0x18: [io  0x0170-0x0177]
[    0.224002] pci 0000:00:01.1: legacy IDE quirk: reg 0x1c: [io  0x0376]
[    0.235736] pci 0000:00:07.0: quirk: [io  0x4000-0x403f] claimed by PIIX4 ACPI
[    0.236014] pci 0000:00:07.0: quirk: [io  0x4100-0x410f] claimed by PIIX4 SMB
[    0.244024] ACPI: PCI Interrupt Link [LNKA] (IRQs 5 9 10 *11)
[    0.245276] ACPI: PCI Interrupt Link [LNKB] (IRQs 5 9 *10 11)
[    0.246290] ACPI: PCI Interrupt Link [LNKC] (IRQs 5 *9 10 11)
[    0.247303] ACPI: PCI Interrupt Link [LNKD] (IRQs 5 9 10 *11)
[    0.248253] SCSI subsystem initialized
[    0.248940] pci 0000:00:02.0: vgaarb: setting as boot VGA device
[    0.249910] pci 0000:00:02.0: vgaarb: VGA device added: decodes=io+mem,owns=io+mem,locks=none
[    0.251259] pci 0000:00:02.0: vgaarb: bridge control possible
[    0.252002] vgaarb: loaded
[    0.252493] ACPI: bus type USB registered
[    0.253184] usbcore: registered new interface driver usbfs
[    0.254072] usbcore: registered new interface driver hub
[    0.254926] usbcore: registered new device driver usb
[    0.256042] EDAC MC: Ver: 3.0.0
[    0.256887] PCI: Using ACPI for IRQ routing
[    0.257897] NetLabel: Initializing
[    0.258524] NetLabel:  domain hash size = 128
[    0.259250] NetLabel:  protocols = UNLABELED CIPSOv4 CALIPSO
[    0.260018] NetLabel:  unlabeled traffic allowed by default
[    0.261062] clocksource: Switched to clocksource kvm-clock
[    0.310702] VFS: Disk quotas dquot_6.6.0
[    0.311484] VFS: Dquot-cache hash table entries: 512 (order 0, 4096 bytes)
[    0.312745] AppArmor: AppArmor Filesystem Enabled
[    0.313548] pnp: PnP ACPI init
[    0.315155] pnp: PnP ACPI: found 3 devices
[    0.321227] clocksource: acpi_pm: mask: 0xffffff max_cycles: 0xffffff, max_idle_ns: 2085701024 ns
[    0.322687] NET: Registered protocol family 2
[    0.323453] IP idents hash table entries: 16384 (order: 5, 131072 bytes)
[    0.324661] TCP established hash table entries: 8192 (order: 4, 65536 bytes)
[    0.325755] TCP bind hash table entries: 8192 (order: 5, 131072 bytes)
[    0.326787] TCP: Hash tables configured (established 8192 bind 8192)
[    0.341630] UDP hash table entries: 512 (order: 2, 16384 bytes)
[    0.342597] UDP-Lite hash table entries: 512 (order: 2, 16384 bytes)
[    0.343622] NET: Registered protocol family 1
[    0.344478] pci 0000:00:00.0: Limiting direct PCI/PCI transfers
[    0.345430] pci 0000:00:01.0: Activating ISA DMA hang workarounds
[    0.346430] pci 0000:00:02.0: Video device with shadowed ROM at [mem 0x000c0000-0x000dffff]
[    0.347837] Unpacking initramfs...
[    1.071479] Freeing initrd memory: 20396K
[    1.072307] clocksource: tsc: mask: 0xffffffffffffffff max_cycles: 0x33e44d1104f, max_idle_ns: 440795213615 ns
[    1.073940] platform rtc_cmos: registered platform RTC device (no PNP device found)
[    1.075253] Scanning for low memory corruption every 60 seconds
[    1.076730] Initialise system trusted keyrings
[    1.077504] Key type blacklist registered
[    1.078237] workingset: timestamp_bits=36 max_order=18 bucket_order=0
[    1.080256] zbud: loaded
[    1.081181] squashfs: version 4.0 (2009/01/31) Phillip Lougher
[    1.082244] fuse init (API version 7.26)
[    1.083539] Key type asymmetric registered
[    1.084298] Asymmetric key parser 'x509' registered
[    1.085184] Block layer SCSI generic (bsg) driver version 0.4 loaded (major 246)
[    1.086516] io scheduler noop registered
[    1.087216] io scheduler deadline registered
[    1.088527] io scheduler cfq registered (default)
[    1.089475] ACPI: AC Adapter [AC] (on-line)
[    1.090190] input: Power Button as /devices/LNXSYSTM:00/LNXPWRBN:00/input/input0
[    1.091379] ACPI: Power Button [PWRF]
[    1.092079] input: Sleep Button as /devices/LNXSYSTM:00/LNXSLPBN:00/input/input1
[    1.093296] ACPI: Sleep Button [SLPF]
[    1.094069] Serial: 8250/16550 driver, 32 ports, IRQ sharing enabled
[    1.115715] 00:02: ttyS0 at I/O 0x3f8 (irq = 4, base_baud = 115200) is a 16550A
[    1.118228] Linux agpgart interface v0.103
[    1.119809] loop: module loaded
[    1.120809] scsi host0: ata_piix
[    1.121472] scsi host1: ata_piix
[    1.122081] ata1: PATA max UDMA/33 cmd 0x1f0 ctl 0x3f6 bmdma 0xd000 irq 14
[    1.123251] ata2: PATA max UDMA/33 cmd 0x170 ctl 0x376 bmdma 0xd008 irq 15
[    1.124785] tun: Universal TUN/TAP device driver, 1.6
[    1.125694] PPP generic driver version 2.4.2
[    1.126718] ehci_hcd: USB 2.0 'Enhanced' Host Controller (EHCI) Driver
[    1.127827] ehci-pci: EHCI PCI platform driver
[    1.128656] ehci-platform: EHCI generic platform driver
[    1.129541] ohci_hcd: USB 1.1 'Open' Host Controller (OHCI) Driver
[    1.131236] ohci-pci: OHCI PCI platform driver
[    1.132052] ohci-platform: OHCI generic platform driver
[    1.132950] uhci_hcd: USB Universal Host Controller Interface driver
[    1.134026] i8042: PNP: PS/2 Controller [PNP0303:PS2K,PNP0f03:PS2M] at 0x60,0x64 irq 1,12
[    1.135747] serio: i8042 KBD port at 0x60,0x64 irq 1
[    1.136590] serio: i8042 AUX port at 0x60,0x64 irq 12
[    1.137475] mousedev: PS/2 mouse device common for all mice
[    1.138667] input: AT Translated Set 2 keyboard as /devices/platform/i8042/serio0/input/input2
[    1.140490] rtc_cmos rtc_cmos: rtc core: registered rtc_cmos as rtc0
[    1.141596] rtc_cmos rtc_cmos: alarms up to one day, 114 bytes nvram
[    1.142653] i2c /dev entries driver
[    1.143321] device-mapper: uevent: version 1.0.3
[    1.144161] device-mapper: ioctl: 4.37.0-ioctl (2017-09-20) initialised: dm-devel@redhat.com
[    1.145583] ledtrig-cpu: registered to indicate activity on CPUs
[    1.146742] intel_pmc_core:  initialized
[    1.147607] NET: Registered protocol family 10
[    1.151099] Segment Routing with IPv6
[    1.151800] NET: Registered protocol family 17
[    1.153080] Key type dns_resolver registered
[    1.153849] mce: Using 0 MCE banks
[    1.154419] RAS: Correctable Errors collector initialized.
[    1.155291] sched_clock: Marking stable (1153046366, 0)->(1334640048, -181593682)
[    1.156688] registered taskstats version 1
[    1.157443] Loading compiled-in X.509 certificates
[    1.159920] Loaded X.509 cert 'Build time autogenerated kernel key: cdc7189136aaa35407544516090e2034d9c28e14'
[    1.162109] Loaded X.509 cert 'Canonical Ltd. Live Patch Signing: 14df34d1a87cf37625abec039ef2bf521249b969'
[    1.164232] Loaded X.509 cert 'Canonical Ltd. Kernel Module Signing: 88f752e560a1e0737e31163a466ad7b70a850c19'
[    1.165876] blacklist: Loading compiled-in revocation X.509 certificates
[    1.166999] Loaded X.509 cert 'Canonical Ltd. Secure Boot Signing: 61482aa2830d0ab2ad5af10b7250da9033ddcef0'
[    1.168665] Loaded X.509 cert 'Canonical Ltd. Secure Boot Signing (2017): 242ade75ac4a15e50d50c84b0d45ff3eae707a03'
[    1.170382] Loaded X.509 cert 'Canonical Ltd. Secure Boot Signing (ESM 2018): 365188c1d374d6b07c3c8f240f8ef722433d6a8b'
[    1.172182] Loaded X.509 cert 'Canonical Ltd. Secure Boot Signing (2019): c0746fd6c5da3ae827864651ad66ae47fe24b3e8'
[    1.173927] Loaded X.509 cert 'Canonical Ltd. Secure Boot Signing (2021 v1): a8d54bbb3825cfb94fa13c9f8a594a195c107b8d'
[    1.175741] Loaded X.509 cert 'Canonical Ltd. Secure Boot Signing (2021 v2): 4cf046892d6fd3c9a5b03f98d845f90851dc6a8c'
[    1.177563] Loaded X.509 cert 'Canonical Ltd. Secure Boot Signing (2021 v3): 100437bb6de6e469b581e61cd66bce3ef4ed53af'
[    1.179538] Loaded X.509 cert 'Canonical Ltd. Secure Boot Signing (Ubuntu Core 2019): c1d57b8f6b743f23ee41f4f7ee292f06eecadfb9'
[    1.181465] zswap: loaded using pool lzo/zbud
[    1.184799] Key type big_key registered
[    1.185503] Key type trusted registered
[    1.187340] Key type encrypted registered
[    1.188069] AppArmor: AppArmor sha1 policy hashing enabled
[    1.189032] ima: No TPM chip found, activating TPM-bypass! (rc=-19)
[    1.190095] ima: Allocated hash algorithm: sha1
[    1.190911] evm: HMAC attrs: 0x1
[    1.191787]   Magic number: 12:926:73
[    1.192524] acpi PNP8390:00: hash matches
[    1.193336] rtc_cmos rtc_cmos: setting system clock to 2024-10-31 10:05:22 UTC (1730369122)
[    1.194837] BIOS EDD facility v0.16 2004-Jun-25, 0 devices found
[    1.195859] EDD information not available.
[    1.286411] Freeing unused kernel image memory: 2480K
[    1.296071] Write protecting the kernel read-only data: 20480k
[    1.297657] Freeing unused kernel image memory: 2008K
[    1.298862] Freeing unused kernel image memory: 1820K
[    1.308374] x86/mm: Checked W+X mappings: passed, no W+X pages found.
[    1.309644] x86/mm: Checking user space page tables
[    1.318983] x86/mm: Checked W+X mappings: passed, no W+X pages found.
Loading, please wait...
starting version 237
[    1.435298] e1000: Intel(R) PRO/1000 Network Driver - version 7.3.21-k8-NAPI
[    1.436491] e1000: Copyright (c) 1999-2006 Intel Corporation.
[    1.440667] Fusion MPT base driver 3.04.20
[    1.441423] Copyright (c) 1999-2008 LSI Corporation
[    1.465931] Fusion MPT SPI Host driver 3.04.20
[    1.468291] AVX2 version of gcm_enc/dec engaged.
[    1.469122] AES CTR mode by8 optimization enabled
[    1.656628] input: ImExPS/2 Generic Explorer Mouse as /devices/platform/i8042/serio1/input/input4
[    1.858917] e1000 0000:00:03.0 eth0: (PCI:33MHz:32-bit) 02:3b:7b:b7:3b:2d
[    1.861427] e1000 0000:00:03.0 eth0: Intel(R) PRO/1000 Network Connection
[    1.865178] mptbase: ioc0: Initiating bringup
[    1.960779] ioc0: LSI53C1030 A0: Capabilities={Initiator}
[    2.206351] scsi host2: ioc0: LSI53C1030 A0, FwRev=00000000h, Ports=1, MaxQ=256, IRQ=20
[    2.372586] scsi 2:0:0:0: Direct-Access     VBOX     HARDDISK         1.0  PQ: 0 ANSI: 5
[    2.374814] scsi target2:0:0: Beginning Domain Validation
[    2.380130] scsi target2:0:0: Domain Validation skipping write tests
[    2.381401] scsi target2:0:0: Ending Domain Validation
[    2.382326] scsi target2:0:0: asynchronous
[    2.383328] scsi 2:0:1:0: Direct-Access     VBOX     HARDDISK         1.0  PQ: 0 ANSI: 5
[    2.384784] scsi target2:0:1: Beginning Domain Validation
[    2.386488] scsi target2:0:1: Domain Validation skipping write tests
[    2.387571] scsi target2:0:1: Ending Domain Validation
[    2.388555] scsi target2:0:1: asynchronous
[    2.393069] sd 2:0:0:0: [sda] 83886080 512-byte logical blocks: (42.9 GB/40.0 GiB)
[    2.394411] sd 2:0:0:0: [sda] Write Protect is off
[    2.395368] sd 2:0:0:0: Attached scsi generic sg0 type 0
[    2.396330] sd 2:0:0:0: [sda] Incomplete mode parameter data
[    2.397288] sd 2:0:0:0: [sda] Assuming drive cache: write through
[    2.398866] sd 2:0:1:0: Attached scsi generic sg1 type 0
[    2.399783] sd 2:0:1:0: [sdb] 20480 512-byte logical blocks: (10.5 MB/10.0 MiB)
[    2.401223] sd 2:0:1:0: [sdb] Write Protect is off
[    2.402363] sd 2:0:1:0: [sdb] Incomplete mode parameter data
[    2.403412] sd 2:0:1:0: [sdb] Assuming drive cache: write through
[    2.405642]  sda: sda1
[    2.407009] sd 2:0:0:0: [sda] Attached SCSI disk
[    2.408707] sd 2:0:1:0: [sdb] Attached SCSI disk
[    2.773774] e1000 0000:00:08.0 eth1: (PCI:33MHz:32-bit) 08:00:27:6a:91:05
[    2.775030] e1000 0000:00:08.0 eth1: Intel(R) PRO/1000 Network Connection
[    2.777223] e1000 0000:00:08.0 enp0s8: renamed from eth1
[    2.779811] e1000 0000:00:03.0 enp0s3: renamed from eth0
Begin: Loading essential drivers ... [    4.236466] raid6: sse2x1   gen() 12582 MB/s
[    4.284279] raid6: sse2x1   xor()  8997 MB/s
[    4.332106] raid6: sse2x2   gen() 15447 MB/s
[    4.380033] raid6: sse2x2   xor() 10312 MB/s
[    4.428291] raid6: sse2x4   gen() 17473 MB/s
[    4.476035] raid6: sse2x4   xor() 10766 MB/s
[    4.524430] raid6: avx2x1   gen() 25525 MB/s
[    4.572728] raid6: avx2x1   xor() 17629 MB/s
[    4.620080] raid6: avx2x2   gen() 31035 MB/s
[    4.668390] raid6: avx2x2   xor() 19177 MB/s
[    4.716213] raid6: avx2x4   gen() 34999 MB/s
[    4.764041] raid6: avx2x4   xor() 21432 MB/s
[    4.764740] raid6: using algorithm avx2x4 gen() 34999 MB/s
[    4.765602] raid6: .... xor() 21432 MB/s, rmw enabled
[    4.766449] raid6: using avx2x2 recovery algorithm
[    4.768795] xor: automatically using best checksumming function   avx       
[    4.771164] async_tx: api initialized (async)
done.
Begin: Running /scripts/init-premount ... done.
Begin: Mounting root file system ... Begin: Running /scripts/local-top ... done.
Begin: Running /scripts/local-premount ... [    4.819572] Btrfs loaded, crc32c=crc32c-intel
Scanning for Btrfs filesystems
done.
Begin: Will now check root file system ... fsck from util-linux 2.31.1
[/sbin/fsck.ext4 (1) -- /dev/sda1] fsck.ext4 -a -C0 /dev/sda1 
cloudimg-rootfs: recovering journal
cloudimg-rootfs: Clearing orphaned inode 266702 (uid=999, gid=999, mode=0100600, size=0)
cloudimg-rootfs: Clearing orphaned inode 266698 (uid=999, gid=999, mode=0100600, size=0)
cloudimg-rootfs: Clearing orphaned inode 266694 (uid=999, gid=999, mode=0100600, size=0)
cloudimg-rootfs: Clearing orphaned inode 256154 (uid=999, gid=999, mode=0100600, size=0)
cloudimg-rootfs: clean, 122821/5120000 files, 1086459/10485499 blocks
done.
[    5.010475] EXT4-fs (sda1): mounted filesystem with ordered data mode. Opts: (null)
done.
Begin: Running /scripts/local-bottom ... done.
Begin: Running /scripts/init-bottom ... done.
[    5.251752] ip_tables: (C) 2000-2006 Netfilter Core Team
[    5.264956] systemd[1]: systemd 237 running in system mode. (+PAM +AUDIT +SELINUX +IMA +APPARMOR +SMACK +SYSVINIT +UTMP +LIBCRYPTSETUP +GCRYPT +GNUTLS +ACL +XZ +LZ4 +SECCOMP +BLKID +ELFUTILS +KMOD -IDN2 +IDN -PCRE2 default-hierarchy=hybrid)
[    5.268372] systemd[1]: Detected virtualization oracle.
[    5.269285] systemd[1]: Detected architecture x86-64.

Welcome to [1mUbuntu 18.04.6 LTS[0m!

[    5.273080] systemd[1]: Set hostname to <ubuntu-bionic>.
[    5.592177] systemd[1]: Reached target Swap.
[[0;32m  OK  [0m] Reached target Swap.
[    5.593879] systemd[1]: Created slice User and Session Slice.
[[0;32m  OK  [0m] Created slice User and Session Slice.
[    5.595463] systemd[1]: Set up automount Arbitrary Executable File Formats File System Automount Point.
[[0;32m  OK  [0m] Set up automount Arbitrary Executab…rmats File System Automount Point.
[    5.597711] systemd[1]: Reached target Mounting snaps.
[[0;32m  OK  [0m] Reached target Mounting snaps.
[    5.599146] systemd[1]: Reached target Mounted snaps.
[[0;32m  OK  [0m] Reached target Mounted snaps.
[    5.600624] systemd[1]: Created slice System Slice.
[[0;32m  OK  [0m] Created slice System Slice.
[[0;32m  OK  [0m] Listening on udev Kernel Socket.
[[0;32m  OK  [0m] Listening on Journal Audit Socket.
[[0;32m  OK  [0m] Listening on LVM2 poll daemon socket.
[[0;32m  OK  [0m] Listening on Network Service Netlink Socket.
[[0;32m  OK  [0m] Listening on Journal Socket.
         Mounting Kernel Debug File System...
         Starting Load Kernel Modules...
         Starting Set the console keyboard layout...
         Starting Uncomplicated firewall...
[    5.657537] Loading iSCSI transport class v2.0-870.
[[0;32m  OK  [0m] Listening on LVM2 metadata daemon socket.
[    5.665012] iscsi: registered transport (tcp)
[[0;32m  OK  [0m] Listening on Journal Socket (/dev/log).
[[0;32m  OK  [0m] Reached target Slices.
[[0;32m  OK  [0m] Listening on Syslog Socket.
         Starting Journal Service...
[    5.721248] iscsi: registered transport (iser)
[[0;32m  OK  [0m] Listening on Device-mapper event daemon FIFOs.
         Starting Monitoring of LVM2 mirrors…ng dmeventd or progress polling...
[[0;32m  OK  [0m] Listening on udev Control Socket.
[[0;32m  OK  [0m] Listening on fsck to fsckd communication Socket.
         Starting Remount Root and Kernel File Systems...
[[0;32m  OK  [0m] Listening on /dev/initctl Compatibility Named Pipe.
[[0;32m  OK  [0m] Created slice system-serial\x2dgetty.slice.
         Starting Create list of required st…ce nodes for the current kernel...
         Mounting Huge Pages File System...
[    5.819883] EXT4-fs (sda1): re-mounted. Opts: (null)
[[0;32m  OK  [0m] Reached target System Time Synchronized.
[[0;32m  OK  [0m] Started Forward Password Requests to Wall Directory Watch.
         Mounting POSIX Message Queue File System...
         Starting udev Coldplug all Devices...
[[0;32m  OK  [0m] Reached target User and Group Name Lookups.
[[0;32m  OK  [0m] Started Journal Service.
[[0;32m  OK  [0m] Mounted Kernel Debug File System.
[[0;32m  OK  [0m] Started Load Kernel Modules.
[[0;32m  OK  [0m] Started Uncomplicated firewall.
[[0;32m  OK  [0m] Started Remount Root and Kernel File Systems.
[[0;32m  OK  [0m] Started Create list of required sta…vice nodes for the current kernel.
[[0;32m  OK  [0m] Mounted Huge Pages File System.
[[0;32m  OK  [0m] Mounted POSIX Message Queue File System.
         Starting Create Static Device Nodes in /dev...
         Starting Load/Save Random Seed...
         Mounting Kernel Configuration File System...
         Starting Apply Kernel Variables...
         Mounting FUSE Control File System...
         Starting Flush Journal to Persistent Storage...
[[0;32m  OK  [0m] Mounted Kernel Configuration File System.
[[0;32m  OK  [0m] Started Create Static Device Nodes in /dev.
         Starting udev Kernel Device Manager...
[[0;32m  OK  [0m] Mounted FUSE Control File System.
[[0;32m  OK  [0m] Started Load/Save Random Seed.
[[0;32m  OK  [0m] Started udev Kernel Device Manager.
[[0;32m  OK  [0m] Started Apply Kernel Variables.
[[0;32m  OK  [0m] Started udev Coldplug all Devices.
[[0;32m  OK  [0m] Started LVM2 metadata daemon.
[[0;32m  OK  [0m] Started Monitoring of LVM2 mirrors,…sing dmeventd or progress polling.
[[0;32m  OK  [0m] Started Set the console keyboard layout.
[[0;32m  OK  [0m] Started Dispatch Password Requests to Console Directory Watch.
[[0;32m  OK  [0m] Reached target Local Encrypted Volumes.
[[0;32m  OK  [0m] Reached target Local File Systems (Pre).
[[0;32m  OK  [0m] Reached target Local File Systems.
         Starting ebtables ruleset management...
         Starting AppArmor initialization...
         Starting Tell Plymouth To Write Out Runtime Data...
         Starting Set console font and keymap...
[[0;32m  OK  [0m] Started Flush Journal to Persistent Storage.
         Starting Create Volatile Files and Directories...
[[0;32m  OK  [0m] Started Tell Plymouth To Write Out Runtime Data.
[[0;32m  OK  [0m] Started Set console font and keymap.
[[0;32m  OK  [0m] Started Create Volatile Files and Directories.
         Starting Update UTMP about System Boot/Shutdown...
[[0;32m  OK  [0m] Started Update UTMP about System Boot/Shutdown.
[[0;32m  OK  [0m] Started ebtables ruleset management.
[[0;32m  OK  [0m] Started AppArmor initialization.
         Starting Load AppArmor profiles managed internally by snapd...
         Starting Initial cloud-init job (pre-networking)...
         Mounting Arbitrary Executable File Formats File System...
[[0;32m  OK  [0m] Mounted Arbitrary Executable File Formats File System.
[[0;32m  OK  [0m] Started Load AppArmor profiles managed internally by snapd.
[[0;32m  OK  [0m] Found device /dev/ttyS0.
[[0;32m  OK  [0m] Listening on Load/Save RF Kill Switch Status /dev/rfkill Watch.
[    8.993879] cloud-init[537]: Cloud-init v. 23.1.2-0ubuntu0~18.04.1 running 'init-local' at Thu, 31 Oct 2024 10:05:30 +0000. Up 8.76 seconds.
[[0;32m  OK  [0m] Started Initial cloud-init job (pre-networking).
[[0;32m  OK  [0m] Reached target Network (Pre).
         Starting Network Service...
[[0;32m  OK  [0m] Started Network Service.
         Starting Network Name Resolution...
         Starting Wait for Network to be Configured...
[[0;32m  OK  [0m] Started Network Name Resolution.
[[0;32m  OK  [0m] Reached target Network.
[[0;32m  OK  [0m] Reached target Host and Network Name Lookups.
[[0;32m  OK  [0m] Started Wait for Network to be Configured.
         Starting Initial cloud-init job (metadata service crawler)...
[   11.305933] cloud-init[682]: Cloud-init v. 23.1.2-0ubuntu0~18.04.1 running 'init' at Thu, 31 Oct 2024 10:05:32 +0000. Up 11.09 seconds.
[   11.307004] cloud-init[682]: ci-info: ++++++++++++++++++++++++++++++++++++++Net device info+++++++++++++++++++++++++++++++++++++++
[   11.307874] cloud-init[682]: ci-info: +--------+------+-----------------------------+---------------+--------+-------------------+
[   11.308772] cloud-init[682]: ci-info: | Device |  Up  |           Address           |      Mask     | Scope  |     Hw-Address    |
[   11.320190] cloud-init[682]: ci-info: +--------+------+-----------------------------+---------------+--------+-------------------+
[   11.332238] cloud-init[682]: ci-info: | enp0s3 | True |          10.0.2.15          | 255.255.255.0 | global | 02:3b:7b:b7:3b:2d |
[   11.334246] cloud-init[682]: ci-info: | enp0s3 | True |  fe80::3b:7bff:feb7:3b2d/64 |       .       |  link  | 02:3b:7b:b7:3b:2d |
[   11.344819] cloud-init[682]: ci-info: | enp0s8 | True |         192.168.0.9         | 255.255.255.0 | global | 08:00:27:6a:91:05 |
[   11.346844] cloud-init[682]: ci-info: | enp0s8 | True | fe80::a00:27ff:fe6a:9105/64 |       .       |  link  | 08:00:27:6a:91:05 |
[   11.348734] cloud-init[682]: ci-info: |   lo   | True |          127.0.0.1          |   255.0.0.0   |  host  |         .         |
[   11.350048] cloud-init[682]: ci-info: |   lo   | True |           ::1/128           |       .       |  host  |         .         |
[   11.352172] cloud-init[682]: ci-info: +--------+------+-----------------------------+---------------+--------+-------------------+
[   11.352928] cloud-init[682]: ci-info: ++++++++++++++++++++++++++++Route IPv4 info+++++++++++++++++++++++++++++
[   11.356141] cloud-init[682]: ci-info: +-------+-------------+----------+-----------------+-----------+-------+
[   11.358603] cloud-init[682]: ci-info: | Route | Destination | Gateway  |     Genmask     | Interface | Flags |
[   11.361236] cloud-init[682]: ci-info: +-------+-------------+----------+-----------------+-----------+-------+
[   11.364178] cloud-init[682]: ci-info: |   0   |   0.0.0.0   | 10.0.2.2 |     0.0.0.0     |   enp0s3  |   UG  |
[   11.368567] cloud-init[682]: ci-info: |   1   |   10.0.2.0  | 0.0.0.0  |  255.255.255.0  |   enp0s3  |   U   |
[   11.369855] cloud-init[682]: ci-info: |   2   |   10.0.2.2  | 0.0.0.0  | 255.255.255.255 |   enp0s3  |   UH  |
[   11.371035] cloud-init[682]: ci-info: |   3   | 192.168.0.0 | 0.0.0.0  |  255.255.255.0  |   enp0s8  |   U   |
[   11.375121] cloud-init[682]: ci-info: +-------+-------------+----------+-----------------+-----------+-------+
[   11.376470] cloud-init[682]: ci-info: ++++++++++++++++++++++++++++Route IPv6 info++++++++++++++++++++++++++++
[   11.380337] cloud-init[682]: ci-info: +-------+-------------+---------------------------+-----------+-------+
[   11.381683] cloud-init[682]: ci-info: | Route | Destination |          Gateway          | Interface | Flags |
[   11.384374] cloud-init[682]: ci-info: +-------+-------------+---------------------------+-----------+-------+
[   11.396152] cloud-init[682]: ci-info: |   1   |  fe80::/64  |             ::            |   enp0s8  |   U   |
[   11.396737] cloud-init[682]: ci-info: |   2   |  fe80::/64  |             ::            |   enp0s3  |   U   |
[   11.398004] cloud-init[682]: ci-info: |   3   |     ::/0    | fe80::12be:f5ff:feff:7278 |   enp0s8  |   UG  |
[   11.399280] cloud-init[682]: ci-info: |   5   |    local    |             ::            |   enp0s3  |   U   |
[   11.401116] cloud-init[682]: ci-info: |   6   |    local    |             ::            |   enp0s8  |   U   |
[   11.405192] cloud-init[682]: ci-info: |   7   |   ff00::/8  |             ::            |   enp0s8  |   U   |
[   11.408143] cloud-init[682]: ci-info: |   8   |   ff00::/8  |             ::            |   enp0s3  |   U   |
[   11.420505] cloud-init[682]: ci-info: +-------+-------------+---------------------------+-----------+-------+
[[0;32m  OK  [0m] Started Initial cloud-init job (metadata service crawler).
[[0;32m  OK  [0m] Reached target Cloud-config availability.
[[0;32m  OK  [0m] Reached target System Initialization.
[[0;32m  OK  [0m] Started Ubuntu Advantage Timer for running repeated jobs.
[[0;32m  OK  [0m] Started Discard unused blocks once a week.
[[0;32m  OK  [0m] Listening on cloud-init hotplug hook socket.
[[0;32m  OK  [0m] Listening on UUID daemon activation socket.
         Starting LXD - unix socket.
[[0;32m  OK  [0m] Listening on ACPID Listen Socket.
[[0;32m  OK  [0m] Started ACPI Events Check.
[[0;32m  OK  [0m] Reached target Paths.
         Starting Socket activation for snappy daemon.
         Starting Docker Socket for the API.
[[0;32m  OK  [0m] Started Message of the Day.
[[0;32m  OK  [0m] Started Daily Cleanup of Temporary Directories.
[[0;32m  OK  [0m] Started Daily apt download activities.
[[0;32m  OK  [0m] Started Daily apt upgrade and clean activities.
[[0;32m  OK  [0m] Reached target Timers.
[[0;32m  OK  [0m] Listening on Open-iSCSI iscsid Socket.
[[0;32m  OK  [0m] Listening on D-Bus System Message Bus Socket.
[[0;32m  OK  [0m] Reached target Network is Online.
[[0;32m  OK  [0m] Reached target Remote File Systems (Pre).
         Mounting /vagrant...
         Starting Availability of block devices...
[[0;32m  OK  [0m] Listening on LXD - unix socket.
[[0;32m  OK  [0m] Listening on Socket activation for snappy daemon.
[[0;32m  OK  [0m] Listening on Docker Socket for the API.
[[0;32m  OK  [0m] Reached target Sockets.
[[0;32m  OK  [0m] Reached target Basic System.
         Starting Accounts Service...
         Starting LSB: Record successful boot for GRUB...
[[0;32m  OK  [0m] Started FUSE filesystem for LXC.
         Starting containerd container runtime...
[[0;32m  OK  [0m] Started D-Bus System Message Bus.
         Starting Virtualbox guest utils...
         Starting LXD - container startup/shutdown...
         Starting Login Service...
[[0;32m  OK  [0m] Started irqbalance daemon.
         Starting System Logging Service...
         Starting Dispatcher daemon for systemd-networkd...
         Starting Snap Daemon...
[[0;32m  OK  [0m] Reached target Login Prompts (Pre).
[[0;32m  OK  [0m] Started Regular background program processing daemon.
[[0;32m  OK  [0m] Started Deferred execution scheduler.
         Starting OpenBSD Secure Shell server...
[[0;32m  OK  [0m] Mounted /vagrant.
[[0;32m  OK  [0m] Started Availability of block devices.
[[0;32m  OK  [0m] Started Login Service.
[[0;32m  OK  [0m] Started System Logging Service.
         Starting Authorization Manager...
[[0;32m  OK  [0m] Started Unattended Upgrades Shutdown.
[[0;32m  OK  [0m] Reached target Remote File Systems.
         Starting Permit User Sessions...
         Starting LSB: automatic crash report generation...
[[0;32m  OK  [0m] Started Permit User Sessions.
         Starting Terminate Plymouth Boot Screen...
         Starting Hold until boot process finishes up...
[[0;32m  OK  [0m] Started Hold until boot process finishes up.
[[0;32m  OK  [0m] Started Terminate Plymouth Boot Screen.
[[0;32m  OK  [0m] Started Serial Getty on ttyS0.
         Starting Set console scheme...
[[0;32m  OK  [0m] Started OpenBSD Secure Shell server.
[[0;32m  OK  [0m] Started Authorization Manager.
[[0;32m  OK  [0m] Started Accounts Service.
[[0;32m  OK  [0m] Started Virtualbox guest utils.
[[0;32m  OK  [0m] Started Set console scheme.
[[0;32m  OK  [0m] Created slice system-getty.slice.
[[0;32m  OK  [0m] Started Getty on tty1.
[[0;32m  OK  [0m] Reached target Login Prompts.
[[0;32m  OK  [0m] Started LSB: automatic crash report generation.
[[0;32m  OK  [0m] Started LSB: Record successful boot for GRUB.
[[0;32m  OK  [0m] Created slice User Slice of vagrant.
[[0;32m  OK  [0m] Started LXD - container startup/shutdown.
         Starting User Manager for UID 1000...
[[0;32m  OK  [0m] Started Session 1 of user vagrant.
[[0;32m  OK  [0m] Started Dispatcher daemon for systemd-networkd.
[[0;32m  OK  [0m] Started User Manager for UID 1000.
[[0;32m  OK  [0m] Started containerd container runtime.
         Starting Docker Application Container Engine...
[[0;32m  OK  [0m] Started Snap Daemon.
         Starting Wait until snapd is fully seeded...
         Starting Time & Date Service...
[[0;32m  OK  [0m] Started Time & Date Service.
[[0;32m  OK  [0m] Started Wait until snapd is fully seeded.
         Starting Apply the settings specified in cloud-config...

Ubuntu 18.04.6 LTS ubuntu-bionic ttyS0

ubuntu-bionic login: [   18.526162] cloud-init[1108]: Cloud-init v. 23.1.2-0ubuntu0~18.04.1 running 'modules:config' at Thu, 31 Oct 2024 10:05:39 +0000. Up 17.98 seconds.
[   20.128676] cloud-init[1492]: Cloud-init v. 23.1.2-0ubuntu0~18.04.1 running 'modules:final' at Thu, 31 Oct 2024 10:05:41 +0000. Up 19.88 seconds.
[   20.129127] cloud-init[1492]: Cloud-init v. 23.1.2-0ubuntu0~18.04.1 finished at Thu, 31 Oct 2024 10:05:41 +0000. Datasource DataSourceNoCloud [seed=/dev/sdb][dsmode=net].  Up 20.11 seconds
